[INFO] Scanning for projects...
[INFO] 
[INFO] ---------------------< com.bookmyshow:BookMyShow >----------------------
[INFO] Building BookMyShow BookMyShow-0.0.1-SNAPSHOT.jar
[INFO]   from pom.xml
[INFO] --------------------------------[ jar ]---------------------------------
[INFO] 
[INFO] >>> spring-boot:3.5.0:run (default-cli) > test-compile @ BookMyShow >>>
[INFO] 
[INFO] --- resources:3.3.1:resources (default-resources) @ BookMyShow ---
[INFO] Copying 1 resource from src/main/resources to target/classes
[INFO] Copying 0 resource from src/main/resources to target/classes
[INFO] 
[INFO] --- compiler:3.14.0:compile (default-compile) @ BookMyShow ---
[INFO] Nothing to compile - all classes are up to date.
[INFO] 
[INFO] --- resources:3.3.1:testResources (default-testResources) @ BookMyShow ---
[INFO] skip non existing resourceDirectory /Users/salmanshaik/Desktop/Projects/BookMyShow/src/test/resources
[INFO] 
[INFO] --- compiler:3.14.0:testCompile (default-testCompile) @ BookMyShow ---
[INFO] Nothing to compile - all classes are up to date.
[INFO] 
[INFO] <<< spring-boot:3.5.0:run (default-cli) < test-compile @ BookMyShow <<<
[INFO] 
[INFO] 
[INFO] --- spring-boot:3.5.0:run (default-cli) @ BookMyShow ---
[INFO] Attaching agents: []

  .   ____          _            __ _ _
 /\\ / ___'_ __ _ _(_)_ __  __ _ \ \ \ \
( ( )\___ | '_ | '_| | '_ \/ _` | \ \ \ \
 \\/  ___)| |_)| | | | | || (_| |  ) ) ) )
  '  |____| .__|_| |_|_| |_\__, | / / / /
 =========|_|==============|___/=/_/_/_/

 :: Spring Boot ::                (v3.5.0)

2026-03-24T20:28:54.330-05:00  INFO 57741 --- [BookMyShow] [           main] c.e.BookMyShow.BookMyShowApplication     : Starting BookMyShowApplication using Java 23.0.2 with PID 57741 (/Users/salmanshaik/Desktop/Projects/BookMyShow/target/classes started by salmanshaik in /Users/salmanshaik/Desktop/Projects/BookMyShow)
2026-03-24T20:28:54.331-05:00 DEBUG 57741 --- [BookMyShow] [           main] c.e.BookMyShow.BookMyShowApplication     : Running with Spring Boot v3.5.0, Spring v6.2.7
2026-03-24T20:28:54.332-05:00  INFO 57741 --- [BookMyShow] [           main] c.e.BookMyShow.BookMyShowApplication     : The following 1 profile is active: "dev"
2026-03-24T20:28:54.757-05:00  INFO 57741 --- [BookMyShow] [           main] .s.d.r.c.RepositoryConfigurationDelegate : Multiple Spring Data modules found, entering strict repository configuration mode
2026-03-24T20:28:54.758-05:00  INFO 57741 --- [BookMyShow] [           main] .s.d.r.c.RepositoryConfigurationDelegate : Bootstrapping Spring Data JPA repositories in DEFAULT mode.
2026-03-24T20:28:54.852-05:00  INFO 57741 --- [BookMyShow] [           main] .s.d.r.c.RepositoryConfigurationDelegate : Finished Spring Data repository scanning in 88 ms. Found 12 JPA repository interfaces.
2026-03-24T20:28:55.145-05:00  INFO 57741 --- [BookMyShow] [           main] o.s.b.w.embedded.tomcat.TomcatWebServer  : Tomcat initialized with port 8080 (http)
2026-03-24T20:28:55.153-05:00  INFO 57741 --- [BookMyShow] [           main] o.apache.catalina.core.StandardService   : Starting service [Tomcat]
2026-03-24T20:28:55.153-05:00  INFO 57741 --- [BookMyShow] [           main] o.apache.catalina.core.StandardEngine    : Starting Servlet engine: [Apache Tomcat/10.1.41]
2026-03-24T20:28:55.180-05:00  INFO 57741 --- [BookMyShow] [           main] o.a.c.c.C.[Tomcat].[localhost].[/]       : Initializing Spring embedded WebApplicationContext
2026-03-24T20:28:55.180-05:00  INFO 57741 --- [BookMyShow] [           main] w.s.c.ServletWebServerApplicationContext : Root WebApplicationContext: initialization completed in 827 ms
2026-03-24T20:28:55.377-05:00 DEBUG 57741 --- [BookMyShow] [           main] c.e.B.config.JwtAuthenticationFilter     : Filter 'jwtAuthenticationFilter' configured for use
2026-03-24T20:28:55.451-05:00  INFO 57741 --- [BookMyShow] [           main] o.hibernate.jpa.internal.util.LogHelper  : HHH000204: Processing PersistenceUnitInfo [name: default]
2026-03-24T20:28:55.481-05:00  INFO 57741 --- [BookMyShow] [           main] org.hibernate.Version                    : HHH000412: Hibernate ORM core version 6.6.15.Final
2026-03-24T20:28:55.498-05:00  INFO 57741 --- [BookMyShow] [           main] o.h.c.internal.RegionFactoryInitiator    : HHH000026: Second-level cache disabled
2026-03-24T20:28:55.625-05:00  INFO 57741 --- [BookMyShow] [           main] o.s.o.j.p.SpringPersistenceUnitInfo      : No LoadTimeWeaver setup: ignoring JPA class transformer
2026-03-24T20:28:55.639-05:00  INFO 57741 --- [BookMyShow] [           main] com.zaxxer.hikari.HikariDataSource       : HikariPool-1 - Starting...
2026-03-24T20:28:55.752-05:00  INFO 57741 --- [BookMyShow] [           main] com.zaxxer.hikari.pool.HikariPool        : HikariPool-1 - Added connection org.postgresql.jdbc.PgConnection@46748b04
2026-03-24T20:28:55.753-05:00  INFO 57741 --- [BookMyShow] [           main] com.zaxxer.hikari.HikariDataSource       : HikariPool-1 - Start completed.
2026-03-24T20:28:55.775-05:00  WARN 57741 --- [BookMyShow] [           main] org.hibernate.orm.deprecation            : HHH90000025: PostgreSQLDialect does not need to be specified explicitly using 'hibernate.dialect' (remove the property setting and it will be selected by default)
2026-03-24T20:28:55.788-05:00  INFO 57741 --- [BookMyShow] [           main] org.hibernate.orm.connections.pooling    : HHH10001005: Database info:
	Database JDBC URL [Connecting through datasource 'HikariDataSource (HikariPool-1)']
	Database driver: undefined/unknown
	Database version: 15.17
	Autocommit mode: undefined/unknown
	Isolation level: undefined/unknown
	Minimum pool size: undefined/unknown
	Maximum pool size: undefined/unknown
2026-03-24T20:28:56.325-05:00  INFO 57741 --- [BookMyShow] [           main] o.h.e.t.j.p.i.JtaPlatformInitiator       : HHH000489: No JTA platform available (set 'hibernate.transaction.jta.platform' to enable JTA platform integration)
2026-03-24T20:28:56.802-05:00  INFO 57741 --- [BookMyShow] [           main] j.LocalContainerEntityManagerFactoryBean : Initialized JPA EntityManagerFactory for persistence unit 'default'
✅ AuthController is loaded by Spring!
2026-03-24T20:28:57.151-05:00  INFO 57741 --- [BookMyShow] [           main] o.s.d.j.r.query.QueryEnhancerFactory     : Hibernate is in classpath; If applicable, HQL parser will be used.
2026-03-24T20:28:57.633-05:00  WARN 57741 --- [BookMyShow] [           main] JpaBaseConfiguration$JpaWebConfiguration : spring.jpa.open-in-view is enabled by default. Therefore, database queries may be performed during view rendering. Explicitly configure spring.jpa.open-in-view to disable this warning
2026-03-24T20:28:57.778-05:00 DEBUG 57741 --- [BookMyShow] [           main] swordEncoderAuthenticationManagerBuilder : No authenticationProviders and no parentAuthenticationManager defined. Returning null.
2026-03-24T20:28:57.841-05:00 DEBUG 57741 --- [BookMyShow] [           main] o.s.s.web.DefaultSecurityFilterChain     : Will secure any request with filters: DisableEncodeUrlFilter, WebAsyncManagerIntegrationFilter, SecurityContextHolderFilter, HeaderWriterFilter, LogoutFilter, JwtAuthenticationFilter, RequestCacheAwareFilter, SecurityContextHolderAwareRequestFilter, AnonymousAuthenticationFilter, SessionManagementFilter, ExceptionTranslationFilter, AuthorizationFilter
2026-03-24T20:28:58.063-05:00  WARN 57741 --- [BookMyShow] [           main] ConfigServletWebServerApplicationContext : Exception encountered during context initialization - cancelling refresh attempt: org.springframework.context.ApplicationContextException: Failed to start bean 'webServerStartStop'
2026-03-24T20:28:58.064-05:00  INFO 57741 --- [BookMyShow] [           main] j.LocalContainerEntityManagerFactoryBean : Closing JPA EntityManagerFactory for persistence unit 'default'
2026-03-24T20:28:58.065-05:00  INFO 57741 --- [BookMyShow] [           main] com.zaxxer.hikari.HikariDataSource       : HikariPool-1 - Shutdown initiated...
2026-03-24T20:28:58.067-05:00  INFO 57741 --- [BookMyShow] [           main] com.zaxxer.hikari.HikariDataSource       : HikariPool-1 - Shutdown completed.
2026-03-24T20:28:58.079-05:00  INFO 57741 --- [BookMyShow] [           main] .s.b.a.l.ConditionEvaluationReportLogger : 

Error starting ApplicationContext. To display the condition evaluation report re-run your application with 'debug' enabled.
2026-03-24T20:28:58.088-05:00 ERROR 57741 --- [BookMyShow] [           main] o.s.b.d.LoggingFailureAnalysisReporter   : 

***************************
APPLICATION FAILED TO START
***************************

Description:

Web server failed to start. Port 8080 was already in use.

Action:

Identify and stop the process that's listening on port 8080 or configure this application to listen on another port.

[INFO] ------------------------------------------------------------------------
[INFO] BUILD FAILURE
[INFO] ------------------------------------------------------------------------
[INFO] Total time:  5.945 s
[INFO] Finished at: 2026-03-24T20:28:59-05:00
[INFO] ------------------------------------------------------------------------
[ERROR] Failed to execute goal org.springframework.boot:spring-boot-maven-plugin:3.5.0:run (default-cli) on project BookMyShow: Process terminated with exit code: 1 -> [Help 1]
[ERROR] 
[ERROR] To see the full stack trace of the errors, re-run Maven with the -e switch.
[ERROR] Re-run Maven using the -X switch to enable full debug logging.
[ERROR] 
[ERROR] For more information about the errors and possible solutions, please read the following articles:
[ERROR] [Help 1] http://cwiki.apache.org/confluence/display/MAVEN/MojoExecutionException
